=== Node.js MIME Infrastructure Tests ===

node_mime_test.js: [INFO] init()
Initializing findlib
Loaded findlib_index findlib_index: 10 META files, 0 universes
Parsed uri: ./lib/stdlib-shims/META
Reading library: stdlib-shims
Number of children: 0
Parsed uri: ./lib/sexplib0/META
Reading library: sexplib0
Number of children: 0
Parsed uri: ./lib/ppxlib/META
Reading library: ppxlib
Number of children: 11
Found child: __private__
Reading library: ppxlib.__private__
Number of children: 1
Found child: ppx_foo_deriver
Reading library: ppxlib.__private__.ppx_foo_deriver
Number of children: 0
Found child: ast
Reading library: ppxlib.ast
Number of children: 0
Found child: astlib
Reading library: ppxlib.astlib
Number of children: 0
Found child: metaquot
Reading library: ppxlib.metaquot
Number of children: 0
Found child: metaquot_lifters
Reading library: ppxlib.metaquot_lifters
Number of children: 0
Found child: print_diff
Reading library: ppxlib.print_diff
Number of children: 0
Found child: runner
Reading library: ppxlib.runner
Number of children: 0
Found child: runner_as_ppx
Reading library: ppxlib.runner_as_ppx
Number of children: 0
Found child: stdppx
Reading library: ppxlib.stdppx
Number of children: 0
Found child: traverse
Reading library: ppxlib.traverse
Number of children: 0
Found child: traverse_builtins
Reading library: ppxlib.traverse_builtins
Number of children: 0
Parsed uri: ./lib/ppx_deriving/META
Reading library: ppx_deriving
Number of children: 12
Found child: api
Reading library: ppx_deriving.api
Number of children: 0
Found child: create
Reading library: ppx_deriving.create
Number of children: 0
Found child: enum
Reading library: ppx_deriving.enum
Number of children: 0
Found child: eq
Reading library: ppx_deriving.eq
Number of children: 0
Found child: fold
Reading library: ppx_deriving.fold
Number of children: 0
Found child: iter
Reading library: ppx_deriving.iter
Number of children: 0
Found child: make
Reading library: ppx_deriving.make
Number of children: 0
Found child: map
Reading library: ppx_deriving.map
Number of children: 0
Found child: ord
Reading library: ppx_deriving.ord
Number of children: 0
Found child: runtime
Reading library: ppx_deriving.runtime
Number of children: 0
Found child: show
Reading library: ppx_deriving.show
Number of children: 0
Found child: std
Reading library: ppx_deriving.std
Number of children: 0
Parsed uri: ./lib/ppx_derivers/META
Reading library: ppx_derivers
Number of children: 0
Parsed uri: ./lib/ocaml_intrinsics_kernel/META
Reading library: ocaml_intrinsics_kernel
Number of children: 0
Parsed uri: ./lib/ocaml/stdlib/META
Reading library: stdlib
Number of children: 0
Parsed uri: ./lib/ocaml/compiler-libs/META
Reading library: compiler-libs
Number of children: 5
Found child: common
Reading library: compiler-libs.common
Number of children: 0
Found child: bytecomp
Reading library: compiler-libs.bytecomp
Number of children: 0
Found child: optcomp
Reading library: compiler-libs.optcomp
Number of children: 0
Found child: toplevel
Reading library: compiler-libs.toplevel
Number of children: 0
Found child: native-toplevel
Reading library: compiler-libs.native-toplevel
Number of children: 0
Parsed uri: ./lib/ocaml-compiler-libs/META
Reading library: ocaml-compiler-libs
Number of children: 5
Found child: bytecomp
Reading library: ocaml-compiler-libs.bytecomp
Number of children: 0
Found child: common
Reading library: ocaml-compiler-libs.common
Number of children: 0
Found child: optcomp
Reading library: ocaml-compiler-libs.optcomp
Number of children: 0
Found child: shadow
Reading library: ocaml-compiler-libs.shadow
Number of children: 0
Found child: toplevel
Reading library: ocaml-compiler-libs.toplevel
Number of children: 0
Parsed uri: ./lib/base/META
Reading library: base
Number of children: 3
Found child: base_internalhash_types
Reading library: base.base_internalhash_types
Number of children: 0
Found child: md5
Reading library: base.md5
Number of children: 0
Found child: shadow_stdlib
Reading library: base.shadow_stdlib
Number of children: 0
node_mime_test.js: [INFO] Adding toplevel modules for dynamic cmis from lib/ocaml/
node_mime_test.js: [INFO]   toplevel modules: CamlinternalFormat, CamlinternalLazy, CamlinternalFormatBasics, CamlinternalMod, Std_exit, Stdlib, CamlinternalOO
node_mime_test.js: [INFO] init() finished
node_mime_test.js: [INFO] setup() for env default...
node_mime_test.js: [INFO] Fetching stdlib__Format.cmi

node_mime_test.js: [INFO] Fetching stdlib__Sys.cmi

error while evaluating #enable "pretty";;
error while evaluating #disable "shortvar";;
node_mime_test.js: [INFO] Setup complete
node_mime_test.js: [INFO] setup() finished for env default
--- Section 1: exec_result Has mime_vals Field ---
node_mime_test.js: [INFO] execute() for env_id=
node_mime_test.js: [INFO] execute() done for env_id=
[PASS] has_mime_vals_field: exec_result has mime_vals field
[PASS] mime_vals_is_list: mime_vals is a list (length=0)
[PASS] mime_vals_empty_no_output: mime_vals is empty when no MIME output

--- Section 2: MIME Type Definitions ---
[PASS] mime_type_field: mime_val has mime_type field
[PASS] encoding_noencoding: Noencoding variant works
[PASS] data_field: mime_val has data field
[PASS] encoding_base64: Base64 variant works

--- Section 3: Multiple Executions ---
node_mime_test.js: [INFO] execute() for env_id=
node_mime_test.js: [INFO] execute() done for env_id=
node_mime_test.js: [INFO] execute() for env_id=
node_mime_test.js: [INFO] execute() done for env_id=
node_mime_test.js: [INFO] execute() for env_id=
node_mime_test.js: [INFO] execute() done for env_id=
[PASS] r1_mime_empty: First exec: mime_vals empty
[PASS] r2_mime_empty: Second exec: mime_vals empty
[PASS] r3_mime_empty: Third exec: mime_vals empty

--- Section 4: exec_toplevel Has mime_vals ---
[PASS] toplevel_has_mime_vals: exec_toplevel_result has mime_vals field
[PASS] toplevel_mime_vals_list: toplevel mime_vals is a list (length=0)

=== Results: 12/12 tests passed ===
SUCCESS: All MIME infrastructure tests passed!
